mysql> use use online_products;
ERROR 1049 (42000): Unknown database 'use'
mysql>  use online_products;
Database changed
mysql> select database();
+-----------------+
| database()      |
+-----------------+
| online_products |
+-----------------+
1 row in set (0.00 sec)

mysql> select * from product;
+-----------------+---------------+-------+-----------+--------+
| name            | category      | price | brand     | rating |
+-----------------+---------------+-------+-----------+--------+
| blackshrit      | clothing      |   900 | puma      | 4.8    |
| cut jeans       | clothing      |  1200 | hoval     | 3.2    |
| bourbon         | cookies       |    30 | sunfeast  | 4.0    |
| bourbon cookies | cookies       |    50 | sunfeast  | 4.5    |
| lays            | snacks        |    20 | chips     | 5.7    |
| cohorn          | protein power |   500 | unilever  | 5.0    |
| doll            | handmade      |  1000 | denim     | 5.0    |
| pot             | handmade      |  2000 | denim     | 6.0    |
| checked shirts  | clothing      |   800 | nike      | 4.0    |
| redmi2          | phone         |  9000 | redmi     | 9.0    |
| redmi34         | phone         |  9000 | redmi     | 9.7    |
| oneplus3        | phone         |  9000 | oneplus   | 9.9    |
| cakes           | birthday      |   500 | cadbury   | 4.9    |
| cakes           | birthday      |   900 | britannia | 5.2    |
| white shirts    | clothing      |   500 | puma      | 5.2    |
| line shirts     | clothing      |   900 | levis     | 7.2    |
+-----------------+---------------+-------+-----------+--------+
16 rows in set (0.00 sec)

mysql> select * from where brand='puma';
ERROR 1064 (42000): You have an error in your SQL syntax; check the manual that corresponds to your MySQL server version for the right syntax to use near 'where brand='puma'' at line 1
mysql> select * from  product where brand='puma';
+--------------+----------+-------+-------+--------+
| name         | category | price | brand | rating |
+--------------+----------+-------+-------+--------+
| blackshrit   | clothing |   900 | puma  | 4.8    |
| white shirts | clothing |   500 | puma  | 5.2    |
+--------------+----------+-------+-------+--------+
2 rows in set (0.00 sec)

mysql> select * from product where name like '%jeans';
+-----------+----------+-------+-------+--------+
| name      | category | price | brand | rating |
+-----------+----------+-------+-------+--------+
| cut jeans | clothing |  1200 | hoval | 3.2    |
+-----------+----------+-------+-------+--------+
1 row in set (0.00 sec)

mysql> select * from product where name like 'bourbon%';
+-----------------+----------+-------+----------+--------+
| name            | category | price | brand    | rating |
+-----------------+----------+-------+----------+--------+
| bourbon         | cookies  |    30 | sunfeast | 4.0    |
| bourbon cookies | cookies  |    50 | sunfeast | 4.5    |
+-----------------+----------+-------+----------+--------+
2 rows in set (0.00 sec)

mysql> select * from product where name='lays';
+------+----------+-------+-------+--------+
| name | category | price | brand | rating |
+------+----------+-------+-------+--------+
| lays | snacks   |    20 | chips | 5.7    |
+------+----------+-------+-------+--------+
1 row in set (0.00 sec)

mysql> select * from product where name like '%h_r_';
+--------+---------------+-------+----------+--------+
| name   | category      | price | brand    | rating |
+--------+---------------+-------+----------+--------+
| cohorn | protein power |   500 | unilever | 5.0    |
+--------+---------------+-------+----------+--------+
1 row in set (0.00 sec)

mysql> select * from product where price<=1000;
+-----------------+---------------+-------+-----------+--------+
| name            | category      | price | brand     | rating |
+-----------------+---------------+-------+-----------+--------+
| blackshrit      | clothing      |   900 | puma      | 4.8    |
| bourbon         | cookies       |    30 | sunfeast  | 4.0    |
| bourbon cookies | cookies       |    50 | sunfeast  | 4.5    |
| lays            | snacks        |    20 | chips     | 5.7    |
| cohorn          | protein power |   500 | unilever  | 5.0    |
| doll            | handmade      |  1000 | denim     | 5.0    |
| checked shirts  | clothing      |   800 | nike      | 4.0    |
| cakes           | birthday      |   500 | cadbury   | 4.9    |
| cakes           | birthday      |   900 | britannia | 5.2    |
| white shirts    | clothing      |   500 | puma      | 5.2    |
| line shirts     | clothing      |   900 | levis     | 7.2    |
+-----------------+---------------+-------+-----------+--------+
11 rows in set (0.00 sec)

mysql> select * from product  where rating>'4.0';
+-----------------+---------------+-------+-----------+--------+
| name            | category      | price | brand     | rating |
+-----------------+---------------+-------+-----------+--------+
| blackshrit      | clothing      |   900 | puma      | 4.8    |
| bourbon cookies | cookies       |    50 | sunfeast  | 4.5    |
| lays            | snacks        |    20 | chips     | 5.7    |
| cohorn          | protein power |   500 | unilever  | 5.0    |
| doll            | handmade      |  1000 | denim     | 5.0    |
| pot             | handmade      |  2000 | denim     | 6.0    |
| redmi2          | phone         |  9000 | redmi     | 9.0    |
| redmi34         | phone         |  9000 | redmi     | 9.7    |
| oneplus3        | phone         |  9000 | oneplus   | 9.9    |
| cakes           | birthday      |   500 | cadbury   | 4.9    |
| cakes           | birthday      |   900 | britannia | 5.2    |
| white shirts    | clothing      |   500 | puma      | 5.2    |
| line shirts     | clothing      |   900 | levis     | 7.2    |
+-----------------+---------------+-------+-----------+--------+
13 rows in set (0.00 sec)

mysql> notee
